[www.tristanparker.co.uk/index.html]
[backblue.gif]
[fade.gif]
[index.html]
[gmpg.org/xfn/11.html]
[www.tristanparker.co.uk/wp-content/uploads/2022/01/partridge-cycles-logo.png]
[www.tristanparker.co.uk/wp-content/plugins/wp-live-chat-software-for-wordpress/plugin_files/css/livechat-icons2cb6.css]
[www.tristanparker.co.uk/feed/index.html]
[www.tristanparker.co.uk/wp-includes/css/dist/block-library/style.minf049.css]
[www.tristanparker.co.uk/comments/feed/index.html]
[www.tristanparker.co.uk/wp-content/plugins/jet-engine/assets/css/frontend8eeb.css]
[www.tristanparker.co.uk/wp-content/themes/hello-elementor/style.mina305.css]
[www.tristanparker.co.uk/wp-content/themes/hello-elementor/theme.mina305.css]
[www.tristanparker.co.uk/wp-content/uploads/elementor/css/custom-frontend-lite.min3ca9.css]
[www.tristanparker.co.uk/wp-content/uploads/elementor/css/post-34713ca9.css]
[www.tristanparker.co.uk/wp-content/uploads/elementor/css/post-39123ca9.css]
[www.tristanparker.co.uk/wp-content/plugins/jet-elements/assets/css/jet-elements61da.css]
[www.tristanparker.co.uk/wp-content/plugins/jet-elements/assets/css/jet-elements-skin61da.css]
[www.tristanparker.co.uk/wp-content/plugins/elementor/assets/lib/eicons/css/elementor-icons.min7816.css]
[www.tristanparker.co.uk/wp-content/uploads/elementor/css/custom-pro-frontend-lite.min3ca9.css]
[www.tristanparker.co.uk/wp-content/uploads/elementor/css/post-3190122e.css]
[www.tristanparker.co.uk/wp-content/plugins/wp-live-chat-software-for-wordpress/plugin_files/css/livechat-contact-button2cb6.css]
[www.tristanparker.co.uk/wp-content/plugins/wp-live-chat-software-for-wordpress/plugin_files/css/livechat-quality-badge2cb6.css]
[www.tristanparker.co.uk/wp-content/uploads/elementor/css/post-3557122e.css]
[www.tristanparker.co.uk/wp-content/uploads/elementor/css/post-3719d4fe.css]
[www.tristanparker.co.uk/wp-content/plugins/elementor/assets/lib/font-awesome/css/fontawesome.min52d5.css]
[www.tristanparker.co.uk/wp-content/plugins/elementor/assets/lib/font-awesome/css/solid.min52d5.css]
[www.tristanparker.co.uk/wp-content/plugins/elementor/assets/lib/font-awesome/css/brands.min52d5.css]
[www.tristanparker.co.uk/wp-content/plugins/google-analytics-for-wordpress/assets/js/frontend-gtag.mina4fc.js]
[www.tristanparker.co.uk/wp-includes/js/jquery/jquery.minaf6c.js]
[www.tristanparker.co.uk/wp-includes/js/jquery/jquery-migrate.mind617.js]
[connect.livechatinc.com/api/v1/script/ba827a12-177f-4b2f-bf8a-ed12d745bc3d/contact-button2cb6.js]
[connect.livechatinc.com/api/v1/script/ba827a12-177f-4b2f-bf8a-ed12d745bc3d/quality-badge2cb6.js]
[www.tristanparker.co.uk/wp-json/wp/v2/pages/3190.json]
[www.tristanparker.co.uk/wp-json/index.html]
[www.tristanparker.co.uk/xmlrpc.1d0db0.delayed]
[www.tristanparker.co.uk/wp-includes/wlwmanifest.xml]
[www.tristanparker.co.uk/wp-json/oembed/1.0/embed2d8f.json]
[www.tristanparker.co.uk/wp-json/oembed/1.0/embed256a]
[iptrack.io/api/v1/wiv.js]
[www.tristanparker.co.uk/wp-content/uploads/2022/01/cropped-pdm-icon-32x32.png]
[www.tristanparker.co.uk/wp-content/uploads/2022/01/cropped-pdm-icon-192x192.png]
[www.tristanparker.co.uk/wp-content/uploads/2022/01/cropped-pdm-icon-180x180.png]
[www.tristanparker.co.uk/wp-content/uploads/2022/01/parker-digital-marketing-logo.png]
[www.tristanparker.co.uk/wp-content/uploads/elementor/css/custom-pro-widget-nav-menu.mind4fe.css]
[www.tristanparker.co.uk/wp-content/uploads/elementor/css/custom-pro-widget-call-to-action.mind4fe.css]
[www.tristanparker.co.uk/services/index.html]
[www.tristanparker.co.uk/web-design-exeter/index.html]
[www.tristanparker.co.uk/seo-exeter/index.html]
[www.tristanparker.co.uk/wp-content/uploads/2022/01/15-1024x329.jpg]
[www.tristanparker.co.uk/about-us/index.html]
[www.tristanparker.co.uk/work/index.html]
[www.tristanparker.co.uk/social-media-management-exeter/index.html]
[www.tristanparker.co.uk/ecommerce-websites-exeter/index.html]
[www.tristanparker.co.uk/wp-content/uploads/2022/01/cycling-case-study-scaled-1-1024x683.jpg]
[www.tristanparker.co.uk/case-studies/4761-2/index.html]
[www.tristanparker.co.uk/case-studies/google-ads-generate-over-35000-pm/index.html]
[www.tristanparker.co.uk/contact-us-2/index.html]
[www.tristanparker.co.uk/blog/index.html]
[www.tristanparker.co.uk/wp-content/uploads/2022/01/facebook-ads-for-clothing-brand-1024x777.jpg]
[www.tristanparker.co.uk/case-studies/facebook-ads-for-clothing-brand/index.html]
[www.tristanparker.co.uk/wp-content/uploads/2022/01/stormfront-logo.png]
[www.tristanparker.co.uk/wp-content/uploads/2022/01/coastal-logo.png]
[www.tristanparker.co.uk/wp-content/uploads/2022/02/graze-me-up.png]
[www.tristanparker.co.uk/wp-content/uploads/2022/01/ydh-logo.png]
[www.tristanparker.co.uk/wp-content/uploads/2022/01/giddel-logo.png]
[www.tristanparker.co.uk/wp-content/uploads/2022/01/google-icon.png]
[www.tristanparker.co.uk/wp-content/uploads/2022/01/book-a-call-602x1024.png]
[www.tristanparker.co.uk/wp-content/uploads/elementor/css/custom-widget-icon-list.min95f0.css]
[www.tristanparker.co.uk/privacy-policy/index.html]
[connect.livechatinc.com/api/v1/script/ba827a12-177f-4b2f-bf8a-ed12d745bc3d/widgete5b7.js]
[www.tristanparker.co.uk/sitemap/index.html]
[www.tristanparker.co.uk/wp-content/uploads/elementor/css/post-481595f0.css]
[www.tristanparker.co.uk/wp-content/plugins/elementor/assets/lib/animations/animations.min3ab2.css]
[www.tristanparker.co.uk/wp-content/themes/hello-elementor/assets/js/hello-frontend.min8a54.js]
[www.tristanparker.co.uk/wp-content/plugins/elementor-pro/assets/lib/smartmenus/jquery.smartmenus.minf269.js]
[www.tristanparker.co.uk/wp-content/plugins/jet-engine/assets/js/frontend8eeb.js]
[www.tristanparker.co.uk/wp-content/plugins/elementor-pro/assets/js/webpack-pro.runtime.minf43b.js]
[www.tristanparker.co.uk/wp-content/plugins/elementor/assets/js/webpack.runtime.min3ab2.js]
[www.tristanparker.co.uk/wp-content/plugins/elementor/assets/js/frontend-modules.min3ab2.js]
[www.tristanparker.co.uk/wp-includes/js/dist/vendor/regenerator-runtime.min3937.js]
[www.tristanparker.co.uk/wp-includes/js/dist/vendor/wp-polyfill.min2c7c.js]
[www.tristanparker.co.uk/wp-includes/js/dist/hooks.mincbb5.js]
[www.tristanparker.co.uk/wp-includes/js/dist/i18n.min771a.js]
[www.tristanparker.co.uk/wp-content/plugins/elementor-pro/assets/js/frontend.minf43b.js]
[www.tristanparker.co.uk/wp-content/plugins/elementor/assets/lib/waypoints/waypoints.min05da.js]
[www.tristanparker.co.uk/wp-includes/js/jquery/ui/core.min0028.js]
[www.tristanparker.co.uk/wp-content/plugins/elementor/assets/js/frontend.min3ab2.js]
[www.tristanparker.co.uk/wp-content/plugins/elementor-pro/assets/js/elements-handlers.minf43b.js]
[www.tristanparker.co.uk/wp-content/plugins/jet-elements/assets/js/jet-elements.min61da.js]
[www.tristanparker.co.uk/index.html]
[www.tristanparker.co.uk/wp-content/plugins/elementor-pro/assets/lib/sticky/jquery.sticky.minf43b.js]
[gmpg.org/xfn/default.css]
[gmpg.org/xfn/.html]
[gmpg.org/xfn/intro.html]
[gmpg.org/xfn/faq.html]
[gmpg.org/xfn/11.html]
[connect.livechatinc.com/index.html]
[s.w.org/index.html]
[fonts.googleapis.com/css2bd4.css]
[www.tristanparker.co.uk/xmlrpc0db0.html]
[www.tristanparker.co.uk/wp-content/uploads/elementor/css/post-470159a.css]
[www.tristanparker.co.uk/wp-json/wp/v2/pages/470.json]
[www.tristanparker.co.uk/wp-json/oembed/1.0/embed45ab.json]
[www.tristanparker.co.uk/wp-json/oembed/1.0/embed24a4]
[www.tristanparker.co.uk/services/index.html]
[www.tristanparker.co.uk/wp-content/uploads/2018/08/wordpress-1024x683.jpg]
[tristanparker.co.uk/wp-content/uploads/2022/01/google-logo.svg]
[www.tristanparker.co.uk/wp-content/uploads/elementor/css/post-668b29b.css]
[www.tristanparker.co.uk/wp-json/wp/v2/pages/668.json]
[www.tristanparker.co.uk/wp-json/oembed/1.0/embed704f.json]
[www.tristanparker.co.uk/wp-json/oembed/1.0/embedaff2]
[www.tristanparker.co.uk/wp-content/uploads/2022/01/semrush-logo.svg]
[www.tristanparker.co.uk/wp-content/uploads/2022/01/elementor-pro-expert-logo-1.svg]
[tristanparker.co.uk/wp-content/uploads/2022/01/bawebsite.qt]
[www.tristanparker.co.uk/wp-content/uploads/2022/01/airslip.jpg]
[www.tristanparker.co.uk/wp-content/uploads/2022/01/packed-meal-prep-735x1024.jpg]
[www.tristanparker.co.uk/wp-content/uploads/2022/01/tufcoat-735x1024.jpg]
[www.tristanparker.co.uk/wp-content/uploads/2022/01/partridge-cycles.jpg]
[www.tristanparker.co.uk/wp-content/uploads/2022/01/signco.jpg]
[www.tristanparker.co.uk/wp-content/uploads/2022/01/ppm-southwest-735x1024.jpg]
[www.tristanparker.co.uk/wp-content/uploads/2022/01/pendeggy-mill-dog-cottage-website-735x1024.jpg]
[www.tristanparker.co.uk/wp-content/uploads/2022/01/beautyadvanced.jpg]
[www.tristanparker.co.uk/wp-content/uploads/2022/01/sds-joinery.jpg]
[www.tristanparker.co.uk/wp-content/uploads/2022/01/getplastered.jpg]
[www.tristanparker.co.uk/wp-content/uploads/2022/01/sws.jpg]
[www.tristanparker.co.uk/wp-content/uploads/2022/01/stormfront.jpg]
[www.tristanparker.co.uk/wp-content/uploads/2022/02/calssio-onlinestore.png]
[www.tristanparker.co.uk/wp-content/uploads/2022/02/poolesbuildinganddecoratingltd.png]
[www.tristanparker.co.uk/web-design-exeter/index.html]
[www.tristanparker.co.uk/wp-content/uploads/2022/02/graze-by-dish-website-1.png]
[www.tristanparker.co.uk/wp-content/uploads/elementor/css/post-793ee67.css]
[www.tristanparker.co.uk/wp-json/wp/v2/pages/793.json]
[www.tristanparker.co.uk/wp-json/oembed/1.0/embedbd07.json]
[www.tristanparker.co.uk/wp-json/oembed/1.0/embed5f6b]
[www.tristanparker.co.uk/wp-content/uploads/2022/01/seo-results-in-exeter.png]
[www.tristanparker.co.uk/wp-content/uploads/2022/01/Screenshot-2022-01-18-at-17.49.42-1024x841.png]
[www.tristanparker.co.uk/book-a-discovery-call/index.html]
[www.tristanparker.co.uk/wp-content/uploads/2022/01/weekly-seo-report-for-exeter-client.jpg]
[www.tristanparker.co.uk/wp-content/uploads/2022/01/monthly-seo-report-for-a-client-1024x422.jpg]
[www.tristanparker.co.uk/seo-exeter/index.html]
[www.tristanparker.co.uk/seo-exmouth/index.html]
[www.tristanparker.co.uk/seo-tiverton/index.html]
[www.tristanparker.co.uk/seo-taunton/index.html]
[www.tristanparker.co.uk/wp-content/uploads/elementor/css/post-7955b3f.css]
[www.tristanparker.co.uk/seo-devon/index.html]
[www.tristanparker.co.uk/seo-barnstaple/index.html]
[www.tristanparker.co.uk/wp-json/wp/v2/pages/795.json]
[www.tristanparker.co.uk/wp-json/oembed/1.0/embed93a3.json]
[www.tristanparker.co.uk/wp-json/oembed/1.0/embed940d]
[tristanparker.co.uk/wp-content/uploads/2022/01/stormfrontsitevideo.qt]
[www.tristanparker.co.uk/ecommerce-websites-exeter/index.html]
[www.tristanparker.co.uk/wp-content/uploads/elementor/css/post-7909e63.css]
[www.tristanparker.co.uk/wp-json/wp/v2/pages/790.json]
[www.tristanparker.co.uk/wp-json/oembed/1.0/embed8d21.json]
[www.tristanparker.co.uk/wp-json/oembed/1.0/embed4823]
[www.tristanparker.co.uk/wp-content/uploads/2022/02/Facebook-Logo-font-removebg.png]
[www.tristanparker.co.uk/wp-content/uploads/2022/02/instagram-removebg-.png]
[www.tristanparker.co.uk/wp-content/uploads/2022/01/Facebook-Advertimet-agency-exeter-772x1024.png]
[www.tristanparker.co.uk/wp-content/uploads/2022/01/Facebook-Ads-Exeter-567x1024.png]
[www.tristanparker.co.uk/wp-content/uploads/2022/01/social-media-management-exeter-1019x1024.png]
[www.tristanparker.co.uk/social-media-management-exeter/index.html]
[www.tristanparker.co.uk/wp-content/uploads/2022/01/Facebook-and-instagram-advert-555x1024.png]
[www.tristanparker.co.uk/wp-content/uploads/elementor/css/post-4012f43b.css]
[www.tristanparker.co.uk/wp-json/wp/v2/pages/4012.json]
[www.tristanparker.co.uk/wp-json/oembed/1.0/embed2ccd.json]
[www.tristanparker.co.uk/wp-json/oembed/1.0/embed7118]
[www.tristanparker.co.uk/wp-content/uploads/2022/01/lead-generation-for-aesthetic-company-1024x683.jpg]
[www.tristanparker.co.uk/wp-content/uploads/2022/01/online-personal-trainer-website-1024x684.jpg]
[www.tristanparker.co.uk/work/index.html]
[www.tristanparker.co.uk/case-studies/laam-facebook-ads/index.html]
[www.tristanparker.co.uk/case-studies/fitness-ecommerce-website/index.html]
[tristanparker.co.uk/wp-content/uploads/2022/01/Group-48.png]
[www.tristanparker.co.uk/wp-content/uploads/elementor/css/post-369229b.css]
[www.tristanparker.co.uk/wp-json/wp/v2/pages/369.json]
[www.tristanparker.co.uk/wp-json/oembed/1.0/embeda18e.json]
[www.tristanparker.co.uk/wp-json/oembed/1.0/embedc22e]
[www.tristanparker.co.uk/wp-content/uploads/2022/01/Group-51.png]
[www.tristanparker.co.uk/wp-content/uploads/2022/01/Group-47.png]
[www.tristanparker.co.uk/wp-content/uploads/2022/01/Group-52.png]
[www.tristanparker.co.uk/wp-content/uploads/2022/01/Group-50.png]
[www.tristanparker.co.uk/wp-content/uploads/2022/01/Group-49.png]
[www.tristanparker.co.uk/wp-content/uploads/2022/01/williams-international-logo.jpg]
[www.tristanparker.co.uk/wp-content/uploads/2022/01/nouvelle-logo.jpg]
[www.tristanparker.co.uk/wp-content/uploads/2022/01/Compu-b-logo-black.jpg]
[www.tristanparker.co.uk/wp-content/uploads/2022/01/partridge-cycles-logo-about.jpg]
[www.tristanparker.co.uk/wp-content/uploads/2022/01/fyx-logo.jpg]
[www.tristanparker.co.uk/wp-content/uploads/2022/01/destin-solutions.jpg]
[www.tristanparker.co.uk/wp-content/uploads/2022/01/get-plastered-logo-white.jpg]
[www.tristanparker.co.uk/wp-content/uploads/2022/01/quaba-logo.jpg]
[www.tristanparker.co.uk/wp-content/uploads/2022/01/balance-coffee-logo.jpg]
[www.tristanparker.co.uk/wp-content/uploads/2022/01/beauty-advanced-logo.jpg]
[www.tristanparker.co.uk/wp-content/uploads/2022/01/can-mezz-logo.jpg]
[www.tristanparker.co.uk/wp-content/uploads/2022/01/signco-logo.jpg]
[www.tristanparker.co.uk/wp-content/uploads/2022/01/coastal-recycling.jpg]
[www.tristanparker.co.uk/wp-content/uploads/2022/02/logo-black-and-white-1024x576.jpg]
[www.tristanparker.co.uk/wp-content/uploads/2022/02/lmr-heating-black.png]
[www.tristanparker.co.uk/wp-content/uploads/2022/02/Clasico-FC-Logo-Edited-black.png]
[www.tristanparker.co.uk/wp-content/uploads/2022/02/Tomwood-treats-Logo-ConvertImage.png]
[www.tristanparker.co.uk/wp-content/uploads/2022/02/graze-me-up-black.png]
[www.tristanparker.co.uk/wp-content/uploads/2022/02/chilling-out-Logo-ConvertImage-1.png]
[www.tristanparker.co.uk/wp-content/uploads/2022/02/Pooles-Building-Decorating-Ltd-Logo-black-ConvertImage.png]
[www.tristanparker.co.uk/about-us/index.html]
[www.tristanparker.co.uk/wp-content/uploads/elementor/css/post-4843b5e1.css]
[www.tristanparker.co.uk/how-long-does-seo-take-to-work-in-2022/index.html]
[www.tristanparker.co.uk/wp-content/uploads/2022/04/how-long-does-seo-take-to-work-1024x410.jpg]
[www.tristanparker.co.uk/wp-content/uploads/2022/02/what-do-web-designers-do-1024x683.jpg]
[www.tristanparker.co.uk/what-do-web-designers-do/index.html]
[www.tristanparker.co.uk/wp-content/uploads/2022/02/how-much-does-a-website-cost-2022-1024x620.jpg]
[www.tristanparker.co.uk/wp-content/uploads/2022/02/What-is-seo-in-2022-1024x584.jpg]
[www.tristanparker.co.uk/how-much-does-a-website-cost/index.html]
[www.tristanparker.co.uk/wp-content/uploads/2022/02/seo-vs-ppc-1024x682.jpg]
[www.tristanparker.co.uk/what-is-it-and-why-do-you-need-seo-in-2022/index.html]
[www.tristanparker.co.uk/seo-vs-ppc/index.html]
[www.tristanparker.co.uk/wp-content/uploads/2022/02/best-wordpress-plugins-2022-1024x683.jpg]
[www.tristanparker.co.uk/wp-content/uploads/elementor/css/post-4937782e.css]
[www.tristanparker.co.uk/blog/index.html]
[www.tristanparker.co.uk/discover-the-best-wordpress-plugins-for-business-websites-in-2022/index.html]
[www.tristanparker.co.uk/wp-content/uploads/elementor/css/post-6012fe5.css]
[www.tristanparker.co.uk/wp-json/wp/v2/pages/601.json]
[www.tristanparker.co.uk/wp-json/oembed/1.0/embeda0e2.json]
[www.tristanparker.co.uk/contact-us-2/index.html]
[www.tristanparker.co.uk/wp-json/oembed/1.0/embed7fb8]
[www.tristanparker.co.uk/wp-content/uploads/2022/01/15.jpg]
[www.tristanparker.co.uk/wp-content/uploads/elementor/css/post-3584963f.css]
[www.tristanparker.co.uk/wp-json/wp/v2/case-studies/4761.json]
[www.tristanparker.co.uk/wp-json/oembed/1.0/embede0af.json]
[www.tristanparker.co.uk/wp-json/oembed/1.0/embed6877]
[www.tristanparker.co.uk/wp-content/uploads/2022/01/day-passes.jpg]
[www.tristanparker.co.uk/wp-content/uploads/2022/01/Organic-search-for-charity-office-provider--1024x135.png]
[www.tristanparker.co.uk/wp-content/uploads/2022/01/Can-mezzanine-results-1024x545.png]
[www.tristanparker.co.uk/wp-content/uploads/2022/01/Screenshot-2022-03-14-at-20.50.15-1024x942.png]
[www.tristanparker.co.uk/case-studies/4761-2/index.html]
[www.tristanparker.co.uk/wp-content/uploads/2022/01/cycling-case-study-scaled-1.jpg]
[www.tristanparker.co.uk/wp-json/wp/v2/case-studies/3817.json]
[www.tristanparker.co.uk/wp-json/oembed/1.0/embed6a54.json]
[www.tristanparker.co.uk/wp-json/oembed/1.0/embedf77e]
[tristanparker.co.uk/wp-content/uploads/2022/01/mountain-biking-1536x558-1-1024x372.jpg]
[www.tristanparker.co.uk/case-studies/google-ads-generate-over-35000-pm/index.html]
[tristanparker.co.uk/wp-content/uploads/2022/01/results-for-google-shopping-ads-1024x275.png]
[www.tristanparker.co.uk/wp-content/uploads/2022/01/facebook-ads-for-clothing-brand.jpg]
[www.tristanparker.co.uk/wp-json/wp/v2/case-studies/3609.json]
[www.tristanparker.co.uk/wp-json/oembed/1.0/embed1615.json]
[www.tristanparker.co.uk/wp-json/oembed/1.0/embed66dc]
[tristanparker.co.uk/wp-content/uploads/2022/01/online-clothing-ecommerce-brand-1024x871.jpg]
[tristanparker.co.uk/wp-content/uploads/2022/01/Screenshot-2020-09-17-at-12.53.24-1536x331-1-1024x221.png]
[www.tristanparker.co.uk/case-studies/facebook-ads-for-clothing-brand/index.html]
[tristanparker.co.uk/wp-content/uploads/2022/01/Screenshot-2020-09-17-at-12.52.54-1536x219-1-1024x146.png]
[www.tristanparker.co.uk/wp-content/uploads/elementor/css/post-670dda.css]
[www.tristanparker.co.uk/wp-json/wp/v2/pages/67.json]
[www.tristanparker.co.uk/wp-json/oembed/1.0/embed7cc0.json]
[www.tristanparker.co.uk/privacy-policy/index.html]
[www.tristanparker.co.uk/wp-json/oembed/1.0/embed72f5]
[www.tristanparker.co.uk/wp-content/uploads/elementor/css/post-497414da.css]
[www.tristanparker.co.uk/wp-json/wp/v2/pages/4974.json]
[www.tristanparker.co.uk/wp-json/oembed/1.0/embed0467.json]
[www.tristanparker.co.uk/wp-json/oembed/1.0/embedba63]
[www.tristanparker.co.uk/sitemap/index.html]
[www.tristanparker.co.uk/wp-content/plugins/elementor-pro/assets/css/widget-theme-elements.min.css]
[gmpg.org/xfn/.html]
[www.tristanparker.co.uk/homepage-2/index.html]
[gmpg.org/xfn/intro.html]
[www.tristanparker.co.uk/guide-to-selling-websites-for-5k/index.html]
[gmpg.org/xfn/faq.html]
[www.tristanparker.co.uk/web-design-truro/index.html]
[www.tristanparker.co.uk/index1beb.html]
[www.tristanparker.co.uk/web-design-torquay/index.html]
[www.tristanparker.co.uk/index1cc0.html]
[www.tristanparker.co.uk/web-design-tiverton/index.html]
[www.tristanparker.co.uk/index01f7.html]
[www.tristanparker.co.uk/web-design-taunton/index.html]
[www.tristanparker.co.uk/web-design-paignton/index.html]
[www.tristanparker.co.uk/wp-content/uploads/elementor/css/post-5529524.css]
[www.tristanparker.co.uk/web-design-newquay/index.html]
[www.tristanparker.co.uk/wp-json/wp/v2/pages/552.json]
[www.tristanparker.co.uk/web-design-exmouth/index.html]
[www.tristanparker.co.uk/wp-json/oembed/1.0/embed07a8.json]
[www.tristanparker.co.uk/web-design-devon/index.html]
[www.tristanparker.co.uk/wp-json/oembed/1.0/embed25fe]
[www.tristanparker.co.uk/web-design-cornwall/index.html]
[www.tristanparker.co.uk/web-design-bideford/index.html]
[www.tristanparker.co.uk/book-a-discovery-call/index.html]
[assets.calendly.com/assets/external/widget.js]
[www.tristanparker.co.uk/web-design-barnstaple/index.html]
[www.tristanparker.co.uk/seo-paignton/index.html]
[www.tristanparker.co.uk/wp-content/uploads/elementor/css/post-3961fbcc.css]
[www.tristanparker.co.uk/seo-truro/index.html]
[www.tristanparker.co.uk/wp-json/wp/v2/pages/3961.json]
[www.tristanparker.co.uk/seo-newquay/index.html]
[www.tristanparker.co.uk/wp-json/oembed/1.0/embed4f9b.json]
[www.tristanparker.co.uk/seo-cornwall/index.html]
[www.tristanparker.co.uk/seo-exmouth/index.html]
[www.tristanparker.co.uk/wp-json/oembed/1.0/embed0651]
[www.tristanparker.co.uk/seo-bideford/index.html]
[www.tristanparker.co.uk/web-design-plymouth/index.html]
[www.tristanparker.co.uk/wp-content/uploads/elementor/css/post-3967efbc.css]
[www.tristanparker.co.uk/seo-torquay/index.html]
[www.tristanparker.co.uk/wp-json/wp/v2/pages/3967.json]
[www.tristanparker.co.uk/seo-plymouth/index.html]
[www.tristanparker.co.uk/wp-json/oembed/1.0/embed9d48.json]
[www.tristanparker.co.uk/website-onboarding/index.html]
[www.tristanparker.co.uk/seo-tiverton/index.html]
[www.tristanparker.co.uk/wp-json/oembed/1.0/embed2e08]
[www.tristanparker.co.uk/free-email-outreach-templates/index.html]
[www.tristanparker.co.uk/free-email-outreach-templates/download-your-free-email-templates/index.html]
[www.tristanparker.co.uk/wp-content/uploads/elementor/css/post-39726a01.css]
[www.tristanparker.co.uk/free-website-proposal-template/index.html]
[www.tristanparker.co.uk/wp-json/wp/v2/pages/3972.json]
[www.tristanparker.co.uk/free-website-proposal-template/download-your-free-proposal-template/index.html]
[www.tristanparker.co.uk/wp-json/oembed/1.0/embeddff3.json]
[www.tristanparker.co.uk/how-to-build-web-design-business-using-elementor/index.html]
[www.tristanparker.co.uk/seo-taunton/index.html]
[www.tristanparker.co.uk/wp-json/oembed/1.0/embedfb10]
[www.tristanparker.co.uk/cookie-policy/index.html]
[www.tristanparker.co.uk/why-local-seo-for-small-business-is-important/index.html]
[www.tristanparker.co.uk/wp-content/uploads/elementor/css/post-38953513.css]
[www.tristanparker.co.uk/category/wordpress/index.html]
[www.tristanparker.co.uk/wp-json/wp/v2/pages/3895.json]
[www.tristanparker.co.uk/category/web-design/index.html]
[www.tristanparker.co.uk/wp-json/oembed/1.0/embed0e21.json]
[www.tristanparker.co.uk/category/seo/index.html]
[www.tristanparker.co.uk/seo-barnstaple/index.html]
[www.tristanparker.co.uk/wp-json/oembed/1.0/embed9fe7]
[www.tristanparker.co.uk/wp-content/uploads/elementor/css/post-3921d895.css]
[www.tristanparker.co.uk/wp-json/wp/v2/pages/3921.json]
[www.tristanparker.co.uk/wp-json/oembed/1.0/embed0268.json]
[www.tristanparker.co.uk/seo-devon/index.html]
[www.tristanparker.co.uk/index043e.html]
[www.tristanparker.co.uk/index895e.html]
[www.tristanparker.co.uk/index0b2d.html]
[www.tristanparker.co.uk/wp-json/oembed/1.0/embedc141]
[www.tristanparker.co.uk/wp-content/uploads/2022/01/lead-generation-for-aesthetic-company.jpg]
[www.tristanparker.co.uk/wp-json/wp/v2/case-studies/3606.json]
[www.tristanparker.co.uk/wp-json/oembed/1.0/embed73bf.json]
[www.tristanparker.co.uk/wp-json/oembed/1.0/embedc831]
[www.tristanparker.co.uk/case-studies/laam-facebook-ads/index.html]
[tristanparker.co.uk/wp-content/uploads/2022/01/Results-for-the-LAAM-1536x237-1-1024x158.png]
[www.tristanparker.co.uk/wp-content/uploads/2022/01/online-personal-trainer-website.jpg]
[www.tristanparker.co.uk/wp-json/wp/v2/case-studies/3591.json]
[www.tristanparker.co.uk/wp-json/oembed/1.0/embedb248.json]
[www.tristanparker.co.uk/wp-json/oembed/1.0/embed61dc]
[tristanparker.co.uk/wp-content/uploads/2022/01/Screenshot-2020-08-10-at-15.51.44-1024x558.png]
[tristanparker.co.uk/wp-content/uploads/2022/01/online-pt-pricing-tables-1024x560.png]
[www.tristanparker.co.uk/case-studies/fitness-ecommerce-website/index.html]
[tristanparker.co.uk/wp-content/uploads/2022/01/online-pt-website-design-1024x559.png]
[www.tristanparker.co.uk/index0261.html]
[www.tristanparker.co.uk/wp-content/uploads/2022/04/how-long-does-seo-take-to-work.jpg]
[www.tristanparker.co.uk/wp-content/uploads/elementor/css/post-49535176.css]
[www.tristanparker.co.uk/how-long-does-seo-take-to-work-in-2022/feed/index.html]
[www.tristanparker.co.uk/wp-json/wp/v2/posts/5143.json]
[www.tristanparker.co.uk/wp-json/oembed/1.0/embed4010.json]
[www.tristanparker.co.uk/wp-json/oembed/1.0/embedb2df]
[www.tristanparker.co.uk/how-long-does-seo-take-to-work-in-2022/index.html]
[www.tristanparker.co.uk/wp-content/plugins/elementor-pro/assets/css/widget-share-buttons.min.css]
[www.tristanparker.co.uk/wp-content/uploads/2022/02/what-do-web-designers-do.jpg]
[www.tristanparker.co.uk/wp-json/wp/v2/posts/5039.json]
[www.tristanparker.co.uk/wp-json/oembed/1.0/embed9f5b.json]
[www.tristanparker.co.uk/what-do-web-designers-do/feed/index.html]
[www.tristanparker.co.uk/what-do-web-designers-do/index.html]
[www.tristanparker.co.uk/wp-json/oembed/1.0/embede201]
[www.tristanparker.co.uk/wp-content/uploads/2022/02/how-much-does-a-website-cost-2022.jpg]
[www.tristanparker.co.uk/wp-json/wp/v2/posts/5008.json]
[www.tristanparker.co.uk/wp-json/oembed/1.0/embeda50c.json]
[www.tristanparker.co.uk/how-much-does-a-website-cost/feed/index.html]
[www.tristanparker.co.uk/wp-json/oembed/1.0/embed75bd]
[tristanparker.co.uk/wp-content/uploads/2022/02/ecommerce-vs-brochure-websites-1024x487.jpg]
[www.tristanparker.co.uk/how-much-does-a-website-cost/index.html]
[tristanparker.co.uk/wp-content/uploads/2022/02/website-hosting-and-maintenance-costs-1024x460.jpg]
[www.tristanparker.co.uk/wp-content/uploads/2022/02/What-is-seo-in-2022.jpg]
[www.tristanparker.co.uk/wp-json/wp/v2/posts/5003.json]
[www.tristanparker.co.uk/wp-json/oembed/1.0/embed11fb.json]
[www.tristanparker.co.uk/what-is-it-and-why-do-you-need-seo-in-2022/feed/index.html]
[www.tristanparker.co.uk/what-is-it-and-why-do-you-need-seo-in-2022/index.html]
[www.tristanparker.co.uk/wp-json/oembed/1.0/embed5856]
[www.tristanparker.co.uk/wp-content/uploads/2022/02/seo-vs-ppc.jpg]
[www.tristanparker.co.uk/wp-json/wp/v2/posts/4961.json]
[www.tristanparker.co.uk/wp-json/oembed/1.0/embed52b3.json]
[www.tristanparker.co.uk/seo-vs-ppc/feed/index.html]
[www.tristanparker.co.uk/seo-vs-ppc/index.html]
[www.tristanparker.co.uk/wp-json/oembed/1.0/embed23bb]
[www.tristanparker.co.uk/wp-content/uploads/2022/02/best-wordpress-plugins-2022.jpg]
[www.tristanparker.co.uk/wp-json/wp/v2/posts/4943.json]
[www.tristanparker.co.uk/wp-json/oembed/1.0/embed0433.json]
[www.tristanparker.co.uk/discover-the-best-wordpress-plugins-for-business-websites-in-2022/feed/index.html]
[www.tristanparker.co.uk/discover-the-best-wordpress-plugins-for-business-websites-in-2022/index.html]
[www.tristanparker.co.uk/indexbdc9.html]
[www.tristanparker.co.uk/index5c24.html]
[www.tristanparker.co.uk/index3c98.html]
[www.tristanparker.co.uk/indexd476.html]
[www.tristanparker.co.uk/index96f1.html]
[www.tristanparker.co.uk/index0016.html]
[www.tristanparker.co.uk/wp-json/oembed/1.0/embedff32]
[www.tristanparker.co.uk/wp-content/uploads/elementor/css/post-51944278.css]
[www.tristanparker.co.uk/wp-json/wp/v2/pages/5194.json]
[www.tristanparker.co.uk/wp-json/oembed/1.0/embed20bc.json]
[www.tristanparker.co.uk/wp-json/oembed/1.0/embed2a00]
[www.tristanparker.co.uk/homepage-2/index.html]
[www.tristanparker.co.uk/wp-content/uploads/elementor/css/post-519125c9.css]
[www.tristanparker.co.uk/wp-content/uploads/2022/03/Screenshot-2022-03-18-at-09.23.58-1024x763.png]
[www.tristanparker.co.uk/wp-content/uploads/elementor/css/post-5076de3b.css]
[www.tristanparker.co.uk/wp-content/plugins/elementor/assets/lib/font-awesome/css/regular.min52d5.css]
[www.tristanparker.co.uk/wp-json/wp/v2/pages/5076.json]
[www.tristanparker.co.uk/wp-json/oembed/1.0/embedeab4.json]
[www.tristanparker.co.uk/wp-json/oembed/1.0/embed11d6]
[www.tristanparker.co.uk/guide-to-selling-websites-for-5k/index.html]
[www.tristanparker.co.uk/wp-content/uploads/elementor/css/post-50866a32.css]
[www.tristanparker.co.uk/wp-content/uploads/elementor/css/post-46206361.css]
[www.tristanparker.co.uk/wp-json/wp/v2/pages/4620.json]
[www.tristanparker.co.uk/wp-json/oembed/1.0/embedcb2d.json]
[www.tristanparker.co.uk/web-design-truro/index.html]
[www.tristanparker.co.uk/wp-json/oembed/1.0/embedeb11]
[www.tristanparker.co.uk/wp-content/uploads/elementor/css/post-4612aa26.css]
[www.tristanparker.co.uk/wp-json/wp/v2/pages/4612.json]
[www.tristanparker.co.uk/wp-json/oembed/1.0/embed8ea4.json]
[www.tristanparker.co.uk/web-design-torquay/index.html]
[www.tristanparker.co.uk/wp-json/oembed/1.0/embed04de]
[www.tristanparker.co.uk/wp-content/uploads/elementor/css/post-4342b099.css]
[www.tristanparker.co.uk/wp-json/wp/v2/pages/4342.json]
[www.tristanparker.co.uk/wp-json/oembed/1.0/embed3b4c.json]
[www.tristanparker.co.uk/web-design-tiverton/index.html]
[www.tristanparker.co.uk/wp-json/oembed/1.0/embed9fae]
[www.tristanparker.co.uk/wp-content/uploads/elementor/css/post-43378408.css]
[www.tristanparker.co.uk/wp-json/wp/v2/pages/4337.json]
[www.tristanparker.co.uk/wp-json/oembed/1.0/embedf696.json]
[www.tristanparker.co.uk/web-design-taunton/index.html]
[www.tristanparker.co.uk/wp-json/oembed/1.0/embedd89e]
[www.tristanparker.co.uk/wp-content/uploads/elementor/css/post-43310d0f.css]
[www.tristanparker.co.uk/wp-json/wp/v2/pages/4331.json]
[www.tristanparker.co.uk/wp-json/oembed/1.0/embed4eb7.json]
[www.tristanparker.co.uk/web-design-paignton/index.html]
[www.tristanparker.co.uk/wp-json/oembed/1.0/embedfad5]
[www.tristanparker.co.uk/wp-content/uploads/elementor/css/post-4325f8ac.css]
[www.tristanparker.co.uk/wp-json/wp/v2/pages/4325.json]
[www.tristanparker.co.uk/wp-json/oembed/1.0/embed995d.json]
[www.tristanparker.co.uk/web-design-newquay/index.html]
[www.tristanparker.co.uk/wp-json/oembed/1.0/embedc89d]
[www.tristanparker.co.uk/wp-content/uploads/elementor/css/post-43208ced.css]
[www.tristanparker.co.uk/wp-json/wp/v2/pages/4320.json]
[www.tristanparker.co.uk/wp-json/oembed/1.0/embed3857.json]
[www.tristanparker.co.uk/web-design-exmouth/index.html]
[www.tristanparker.co.uk/wp-json/oembed/1.0/embed3207]
[www.tristanparker.co.uk/wp-content/uploads/elementor/css/post-43146030.css]
[www.tristanparker.co.uk/wp-json/wp/v2/pages/4314.json]
[www.tristanparker.co.uk/wp-json/oembed/1.0/embeda0cb.json]
[www.tristanparker.co.uk/web-design-devon/index.html]
[www.tristanparker.co.uk/wp-json/oembed/1.0/embedefc7]
[www.tristanparker.co.uk/wp-content/uploads/elementor/css/post-43088d38.css]
[www.tristanparker.co.uk/wp-json/wp/v2/pages/4308.json]
[www.tristanparker.co.uk/wp-json/oembed/1.0/embed6d61.json]
[www.tristanparker.co.uk/web-design-cornwall/index.html]
[www.tristanparker.co.uk/wp-json/oembed/1.0/embed81db]
[www.tristanparker.co.uk/wp-content/uploads/elementor/css/post-43010ac6.css]
[www.tristanparker.co.uk/wp-json/wp/v2/pages/4301.json]
[www.tristanparker.co.uk/wp-json/oembed/1.0/embeda0a8.json]
[www.tristanparker.co.uk/web-design-bideford/index.html]
[www.tristanparker.co.uk/wp-json/oembed/1.0/embed3723]
[www.tristanparker.co.uk/wp-content/uploads/elementor/css/post-42958355.css]
[www.tristanparker.co.uk/wp-json/wp/v2/pages/4295.json]
[www.tristanparker.co.uk/wp-json/oembed/1.0/embedae9c.json]
[www.tristanparker.co.uk/web-design-barnstaple/index.html]
[www.tristanparker.co.uk/wp-json/oembed/1.0/embed4205]
[www.tristanparker.co.uk/wp-content/uploads/elementor/css/post-39554c6b.css]
[www.tristanparker.co.uk/wp-json/wp/v2/pages/3955.json]
[www.tristanparker.co.uk/wp-json/oembed/1.0/embed8b55.json]
[www.tristanparker.co.uk/seo-paignton/index.html]
[www.tristanparker.co.uk/wp-json/oembed/1.0/embed81bc]
[www.tristanparker.co.uk/wp-content/uploads/elementor/css/post-39395d18.css]
[www.tristanparker.co.uk/wp-json/wp/v2/pages/3939.json]
[www.tristanparker.co.uk/wp-json/oembed/1.0/embed865a.json]
[www.tristanparker.co.uk/seo-truro/index.html]
[www.tristanparker.co.uk/wp-json/oembed/1.0/embedd44c]
[www.tristanparker.co.uk/wp-content/uploads/elementor/css/post-3932b1eb.css]
[www.tristanparker.co.uk/wp-json/wp/v2/pages/3932.json]
[www.tristanparker.co.uk/wp-json/oembed/1.0/embede5e2.json]
[www.tristanparker.co.uk/seo-newquay/index.html]
[www.tristanparker.co.uk/wp-json/oembed/1.0/embed1eca]
[www.tristanparker.co.uk/wp-content/uploads/elementor/css/post-39272c19.css]
[www.tristanparker.co.uk/wp-json/wp/v2/pages/3927.json]
[www.tristanparker.co.uk/wp-json/oembed/1.0/embedd7fa.json]
[www.tristanparker.co.uk/seo-cornwall/index.html]
[www.tristanparker.co.uk/wp-json/oembed/1.0/embed01ed]
[www.tristanparker.co.uk/wp-content/uploads/elementor/css/post-3915694d.css]
[www.tristanparker.co.uk/wp-json/wp/v2/pages/3915.json]
[www.tristanparker.co.uk/wp-json/oembed/1.0/embed90c0.json]
[www.tristanparker.co.uk/seo-bideford/index.html]
[www.tristanparker.co.uk/wp-json/oembed/1.0/embedbdf7]
[www.tristanparker.co.uk/wp-content/uploads/elementor/css/post-34708e2d.css]
[www.tristanparker.co.uk/wp-json/wp/v2/pages/3470.json]
[www.tristanparker.co.uk/wp-json/oembed/1.0/embed9d2e.json]
[www.tristanparker.co.uk/web-design-plymouth/index.html]
[www.tristanparker.co.uk/wp-json/oembed/1.0/embede721]
[www.tristanparker.co.uk/wp-content/uploads/elementor/css/post-34459f67.css]
[www.tristanparker.co.uk/wp-json/wp/v2/pages/3445.json]
[www.tristanparker.co.uk/wp-json/oembed/1.0/embed145c.json]
[www.tristanparker.co.uk/wp-json/oembed/1.0/embed9fa5]
[www.tristanparker.co.uk/wp-content/uploads/2022/01/torquay-seo-results.webp]
[www.tristanparker.co.uk/wp-content/uploads/2022/01/torquay-bike-store-search-results-1024x841.png]
[www.tristanparker.co.uk/seo-torquay/index.html]
[www.tristanparker.co.uk/wp-content/uploads/elementor/css/post-33091eb1.css]
[www.tristanparker.co.uk/wp-json/wp/v2/pages/3309.json]
[www.tristanparker.co.uk/wp-json/oembed/1.0/embeda38e.json]
[www.tristanparker.co.uk/wp-json/oembed/1.0/embeda2de]
[fast.wistia.com/assets/external/E-v1.js]
[www.tristanparker.co.uk/seo-plymouth/index.html]
[fast.wistia.com/embed/medias/e9phcijsuz/swatch.jpg]
[www.tristanparker.co.uk/wp-content/uploads/elementor/css/post-31648d91.css]
[www.tristanparker.co.uk/wp-json/wp/v2/pages/3164.json]
[www.tristanparker.co.uk/wp-json/oembed/1.0/embed5296.json]
[www.tristanparker.co.uk/website-onboarding/index.html]
[www.tristanparker.co.uk/wp-json/oembed/1.0/embed5ba6]
[www.tristanparker.co.uk/wp-json/wp/v2/pages/2861.json]
[www.tristanparker.co.uk/wp-json/oembed/1.0/embed77a5.json]
[www.tristanparker.co.uk/free-email-outreach-templates/index.html]
[www.tristanparker.co.uk/wp-json/oembed/1.0/embed753c]
[www.tristanparker.co.uk/wp-content/uploads/elementor/css/post-286537ae.css]
[www.tristanparker.co.uk/wp-json/wp/v2/pages/2865.json]
[www.tristanparker.co.uk/wp-json/oembed/1.0/embed9916.json]
[www.tristanparker.co.uk/wp-json/oembed/1.0/embed825d]
[www.tristanparker.co.uk/wp-content/uploads/2021/03/WDL-Email-Outreach-Templates-.zip]
[www.tristanparker.co.uk/free-email-outreach-templates/download-your-free-email-templates/index.html]
[tristanparker.co.uk/wp-content/uploads/2022/01/wdl-proposal-cover-1-1024x723.png]
[www.tristanparker.co.uk/wp-content/uploads/elementor/css/post-1623add7.css]
[www.tristanparker.co.uk/wp-json/wp/v2/pages/1623.json]
[www.tristanparker.co.uk/wp-json/oembed/1.0/embed8c2b.json]
[www.tristanparker.co.uk/wp-json/oembed/1.0/embedbe33]
[www.tristanparker.co.uk/free-website-proposal-template/index.html]
[www.tristanparker.co.uk/wp-content/uploads/elementor/css/post-4771add7.css]
[www.tristanparker.co.uk/wp-content/uploads/elementor/css/post-16292e9b.css]
[www.tristanparker.co.uk/wp-json/wp/v2/pages/1629.json]
[www.tristanparker.co.uk/wp-json/oembed/1.0/embed1eb9.json]
[www.tristanparker.co.uk/free-website-proposal-template/download-your-free-proposal-template/index.html]
[www.tristanparker.co.uk/wp-json/oembed/1.0/embed5a43]
[www.tristanparker.co.uk/wp-content/uploads/2021/01/tristan-arms-folded-website-1-655x1024.png]
[www.tristanparker.co.uk/wp-content/uploads/elementor/css/post-1457e6d3.css]
[www.tristanparker.co.uk/wp-json/wp/v2/pages/1457.json]
[www.tristanparker.co.uk/wp-json/oembed/1.0/embed8568.json]
[www.tristanparker.co.uk/how-to-build-web-design-business-using-elementor/index.html]
[www.tristanparker.co.uk/wp-json/oembed/1.0/embed274c]
[www.tristanparker.co.uk/wp-json/wp/v2/pages/15.json]
[www.tristanparker.co.uk/wp-json/oembed/1.0/embed89b4.json]
[www.tristanparker.co.uk/cookie-policy/index.html]
[www.tristanparker.co.uk/wp-json/oembed/1.0/embed8cfe]
[www.tristanparker.co.uk/wp-content/uploads/2022/02/local-seo-for-small-business.jpg]
[www.tristanparker.co.uk/wp-json/wp/v2/posts/4949.json]
[www.tristanparker.co.uk/why-local-seo-for-small-business-is-important/feed/index.html]
[www.tristanparker.co.uk/wp-json/oembed/1.0/embedad91.json]
[www.tristanparker.co.uk/wp-json/oembed/1.0/embed3c3c]
[tristanparker.co.uk/wp-content/uploads/2022/02/local-seo-for-small-business-1024x682.jpg]
[www.tristanparker.co.uk/why-local-seo-for-small-business-is-important/index.html]
[www.tristanparker.co.uk/category/wordpress/index.html]
[www.tristanparker.co.uk/wp-json/wp/v2/categories/12.json]
[www.tristanparker.co.uk/category/wordpress/feed/index.html]
[www.tristanparker.co.uk/category/web-design/index.html]
[www.tristanparker.co.uk/wp-json/wp/v2/categories/14.json]
[www.tristanparker.co.uk/category/web-design/feed/index.html]
[www.tristanparker.co.uk/category/seo/index.html]
[www.tristanparker.co.uk/index5195.html]
[www.tristanparker.co.uk/indexa3cf.html]
[www.tristanparker.co.uk/index66ba.html]
[www.tristanparker.co.uk/indexb1e8.html]
[www.tristanparker.co.uk/indexb84b.html]
[www.tristanparker.co.uk/indexd35f.html]
[www.tristanparker.co.uk/indexa012.html]
[www.tristanparker.co.uk/index913a.html]
[www.tristanparker.co.uk/indexc9e1.html]
[www.tristanparker.co.uk/index965f.html]
[www.tristanparker.co.uk/index3b2c.html]
[www.tristanparker.co.uk/index3a1f.html]
[www.tristanparker.co.uk/index2591.html]
[www.tristanparker.co.uk/index26fc.html]
[www.tristanparker.co.uk/index1fc6.html]
[www.tristanparker.co.uk/indexf965.html]
[www.tristanparker.co.uk/index0db5.html]
[www.tristanparker.co.uk/index0257.html]
[www.tristanparker.co.uk/index969d.html]
[www.tristanparker.co.uk/index1916.html]
[www.tristanparker.co.uk/indexcc5f.html]
[www.tristanparker.co.uk/indexb354.html]
[www.tristanparker.co.uk/indexa791.html]
[www.tristanparker.co.uk/indexb999.html]
[www.tristanparker.co.uk/index5ffc.html]
[www.tristanparker.co.uk/indexde62.html]
[www.tristanparker.co.uk/index8ba8.html]
[www.tristanparker.co.uk/indexc4e2.html]
[www.tristanparker.co.uk/index9d4f.html]
[www.tristanparker.co.uk/index6e30.html]
[www.tristanparker.co.uk/indexb73f.html]
[www.tristanparker.co.uk/indexbc2a.html]
[www.tristanparker.co.uk/indexacf6.html]
[www.tristanparker.co.uk/index07c0.html]
[www.tristanparker.co.uk/index266e.html]
[www.tristanparker.co.uk/wp-json/wp/v2/categories/13.json]
[www.tristanparker.co.uk/category/seo/feed/index.html]
[www.tristanparker.co.uk/indexfd6e.html]
[www.tristanparker.co.uk/index0262.html]
[fonts.googleapis.com/css026d.css]
[www.tristanparker.co.uk/indexf00b.html]
[www.tristanparker.co.uk/index736e.html]
[www.tristanparker.co.uk/indexd010.html]
[www.tristanparker.co.uk/index86f6.html]
[www.tristanparker.co.uk/indexa1ca.html]
[www.tristanparker.co.uk/index1767.html]
[www.tristanparker.co.uk/feed/index.html]
[www.tristanparker.co.uk/comments/feed/index.html]
[connect.livechatinc.com/index.html]
[www.tristanparker.co.uk/wp-content/plugins/google-analytics-for-wordpress/assets/js/frontend-gtag.mina4fc.js]
[www.tristanparker.co.uk/wp-includes/js/jquery/jquery.minaf6c.js]
[www.tristanparker.co.uk/wp-content/plugins/wp-live-chat-software-for-wordpress/plugin_files/fonts/livechat-icons.eot]
[www.tristanparker.co.uk/wp-includes/js/jquery/jquery-migrate.mind617.js]
[www.tristanparker.co.uk/wp-includes/wlwmanifest.xml]
[www.tristanparker.co.uk/wp-json/index.html]
[www.tristanparker.co.uk/wp-content/plugins/wp-live-chat-software-for-wordpress/plugin_files/fonts/livechat-icons.woff]
[www.tristanparker.co.uk/wp-content/themes/hello-elementor/assets/js/hello-frontend.min8a54.js]
[www.tristanparker.co.uk/wp-content/plugins/wp-live-chat-software-for-wordpress/plugin_files/css/livechat-icons2cb6.css]
[www.tristanparker.co.uk/wp-content/plugins/elementor-pro/assets/lib/smartmenus/jquery.smartmenus.minf269.js]
[www.tristanparker.co.uk/wp-includes/css/dist/block-library/style.minf049.css]
[www.tristanparker.co.uk/wp-content/plugins/elementor-pro/assets/js/webpack-pro.runtime.minf43b.js]
[www.tristanparker.co.uk/wp-content/plugins/jet-engine/assets/css/frontend8eeb.css]
[www.tristanparker.co.uk/wp-content/plugins/elementor/assets/js/webpack.runtime.min3ab2.js]
[www.tristanparker.co.uk/wp-content/themes/hello-elementor/style.mina305.css]
[www.tristanparker.co.uk/wp-content/plugins/elementor/assets/js/frontend-modules.min3ab2.js]
[www.tristanparker.co.uk/wp-content/themes/hello-elementor/theme.mina305.css]
[www.tristanparker.co.uk/wp-includes/js/dist/vendor/regenerator-runtime.min3937.js]
[www.tristanparker.co.uk/wp-content/uploads/elementor/css/custom-frontend-lite.min3ca9.css]
[www.tristanparker.co.uk/wp-includes/js/dist/vendor/wp-polyfill.min2c7c.js]
[www.tristanparker.co.uk/wp-includes/js/dist/hooks.mincbb5.js]
[www.tristanparker.co.uk/wp-content/uploads/elementor/css/post-34713ca9.css]
[www.tristanparker.co.uk/wp-includes/js/dist/i18n.min771a.js]
[www.tristanparker.co.uk/wp-content/uploads/elementor/css/post-39123ca9.css]
[www.tristanparker.co.uk/wp-content/plugins/elementor-pro/assets/js/frontend.minf43b.js]
[www.tristanparker.co.uk/wp-content/plugins/elementor/assets/lib/waypoints/waypoints.min05da.js]
[www.tristanparker.co.uk/wp-includes/js/jquery/ui/core.min0028.js]
[www.tristanparker.co.uk/wp-content/plugins/elementor/assets/js/frontend.min3ab2.js]
[www.tristanparker.co.uk/wp-content/plugins/jet-elements/assets/images/dummy-map.png]
[www.tristanparker.co.uk/wp-content/plugins/jet-elements/assets/css/jet-elements61da.css]
[www.tristanparker.co.uk/wp-content/plugins/jet-elements/assets/js/jet-elements.min61da.js]
[www.tristanparker.co.uk/wp-content/plugins/jet-elements/assets/css/jet-elements-skin61da.css]
[www.tristanparker.co.uk/wp-content/plugins/elementor-pro/assets/js/elements-handlers.minf43b.js]
[www.tristanparker.co.uk/wp-content/plugins/elementor-pro/assets/lib/sticky/jquery.sticky.minf43b.js]
[www.tristanparker.co.uk/wp-content/plugins/elementor/assets/lib/eicons/fonts/eicons.1985519.delayed]
[www.tristanparker.co.uk/wp-content/uploads/2022/01/airslip.jpg]
[tristanparker.co.uk/wp-content/uploads/2022/01/bawebsite.qt]
[www.tristanparker.co.uk/wp-content/plugins/elementor/assets/lib/eicons/fonts/eicons5519.woff2]
[www.tristanparker.co.uk/wp-content/uploads/2022/02/poolesbuildinganddecoratingltd.png]
[www.tristanparker.co.uk/wp-content/uploads/2022/02/graze-by-dish-website-1.png]
[www.tristanparker.co.uk/wp-content/uploads/2022/01/Screenshot-2022-01-18-at-17.49.42-1024x841.png]
[tristanparker.co.uk/wp-content/uploads/2022/01/stormfrontsitevideo.qt]
[www.tristanparker.co.uk/wp-content/plugins/elementor/assets/lib/eicons/css/elementor-icons.min7816.css]
[www.tristanparker.co.uk/wp-content/uploads/2022/01/Facebook-Advertimet-agency-exeter-772x1024.png]
[www.tristanparker.co.uk/wp-content/uploads/elementor/css/custom-pro-frontend-lite.min3ca9.css]
[www.tristanparker.co.uk/wp-content/uploads/2022/01/Facebook-Ads-Exeter-567x1024.png]
[www.tristanparker.co.uk/wp-content/uploads/2022/01/social-media-management-exeter-1019x1024.png]
[www.tristanparker.co.uk/wp-content/uploads/2022/01/Facebook-and-instagram-advert-555x1024.png]
[tristanparker.co.uk/wp-content/uploads/2022/01/kyle-brinker-0vVHYD3PcKo-unsplash_3.19d.delayed]
[www.tristanparker.co.uk/wp-content/uploads/2022/01/Group-51.png]
[www.tristanparker.co.uk/wp-content/uploads/2022/04/how-long-does-seo-take-to-work-1024x410.jpg]
[tristanparker.co.uk/wp-content/uploads/2022/01/xps-7ZWVnVSaafY-unsplash.jpg]
[www.tristanparker.co.uk/wp-content/uploads/2022/02/what-do-web-designers-do-1024x683.jpg]
[tristanparker.co.uk/wp-content/uploads/2022/01/affluent-award-winning-agency.jpg]
[www.tristanparker.co.uk/wp-content/uploads/2022/01/Organic-search-for-charity-office-provider--1024x135.png]
[www.tristanparker.co.uk/wp-content/uploads/2022/01/Can-mezzanine-results-1024x545.png]
[www.tristanparker.co.uk/wp-content/uploads/elementor/css/post-3190122e.css]
[www.tristanparker.co.uk/wp-content/plugins/wp-live-chat-software-for-wordpress/plugin_files/css/livechat-contact-button2cb6.css]
[www.tristanparker.co.uk/wp-content/plugins/wp-live-chat-software-for-wordpress/plugin_files/css/livechat-quality-badge2cb6.css]
[www.tristanparker.co.uk/wp-content/uploads/elementor/css/post-3557122e.css]
[templatekit.jegtheme.com/creative1/wp-content/uploads/sites/43/2021/02/kyle-brinker-0vVHYD3PcKo-unsplash_4.jpg]
[tristanparker.co.uk/wp-content/uploads/2022/01/mountain-biking-1536x558-1-1024x372.jpg]
[tristanparker.co.uk/wp-content/uploads/2022/01/results-for-google-shopping-ads-1024x275.png]
[tristanparker.co.uk/wp-content/uploads/2022/01/online-clothing-ecommerce-brand-1024x871.jpg]
[tristanparker.co.uk/wp-content/uploads/2022/01/7Artboard-90.1a1.delayed]
[www.tristanparker.co.uk/wp-content/uploads/elementor/css/post-3719d4fe.css]
[www.tristanparker.co.uk/wp-content/plugins/elementor/assets/lib/font-awesome/css/fontawesome.min52d5.css]
[tristanparker.co.uk/wp-content/uploads/2022/01/Screenshot-2020-09-17-at-12.53.24-1536x331-1-1024x221.png]
[tristanparker.co.uk/wp-content/uploads/2022/01/Screenshot-2020-09-17-at-12.52.54-1536x219-1-1024x146.png]
[www.tristanparker.co.uk/wp-content/plugins/elementor/assets/lib/font-awesome/webfonts/fa-solid-900.eot]
[assets.calendly.com/assets/external/widget.js]
[www.tristanparker.co.uk/wp-content/plugins/elementor/assets/lib/font-awesome/css/solid.min52d5.css]
[tristanparker.co.uk/wp-content/uploads/2022/01/Results-for-the-LAAM-1536x237-1-1024x158.png]
[tristanparker.co.uk/wp-content/uploads/2022/01/Screenshot-2020-08-10-at-15.51.44-1024x558.png]
[tristanparker.co.uk/wp-content/uploads/2022/01/online-pt-pricing-tables-1024x560.png]
[www.tristanparker.co.uk/how-long-does-seo-take-to-work-in-2022/feed/index.html]
[tristanparker.co.uk/wp-content/uploads/2022/01/online-pt-website-design-1024x559.png]
[www.tristanparker.co.uk/wp-content/uploads/2022/04/how-long-does-seo-take-to-work.jpg]
[www.tristanparker.co.uk/what-do-web-designers-do/feed/index.html]
[www.tristanparker.co.uk/wp-content/uploads/2022/02/what-do-web-designers-do.jpg]
[www.tristanparker.co.uk/wp-content/uploads/2022/02/how-much-does-a-website-cost-2022.jpg]
[www.tristanparker.co.uk/wp-content/plugins/elementor/assets/lib/font-awesome/css/brands.min52d5.css]
[www.tristanparker.co.uk/xmlrpc0db0.html]
[www.tristanparker.co.uk/wp-content/uploads/elementor/css/custom-pro-widget-nav-menu.mind4fe.css]
[www.tristanparker.co.uk/wp-content/uploads/elementor/css/custom-pro-widget-call-to-action.mind4fe.css]
[www.tristanparker.co.uk/discover-the-best-wordpress-plugins-for-business-websites-in-2022/feed/index.html]
[tristanparker.co.uk/wp-content/uploads/2022/02/ecommerce-vs-brochure-websites-1024x487.jpg]
[tristanparker.co.uk/wp-content/uploads/2022/02/website-hosting-and-maintenance-costs-1024x460.jpg]
[www.tristanparker.co.uk/wp-content/uploads/elementor/css/custom-widget-icon-list.min95f0.css]
[www.tristanparker.co.uk/wp-content/uploads/elementor/css/post-481595f0.css]
[www.tristanparker.co.uk/wp-content/uploads/2022/02/seo-vs-ppc.jpg]
[www.tristanparker.co.uk/wp-content/plugins/elementor/assets/lib/animations/animations.min3ab2.css]
[gmpg.org/xfn/default.css]
[www.tristanparker.co.uk/wp-content/uploads/2022/03/Screenshot-2022-03-18-at-09.23.58-1024x763.png]
[tristanparker.co.uk/wp-content/uploads/2022/01/digital-marketing-services-exeter.jpg]
[www.tristanparker.co.uk/wp-content/uploads/elementor/css/post-470159a.css]
[www.tristanparker.co.uk/index1beb.html]
[tristanparker.co.uk/wp-content/uploads/2022/01/google-logo.svg]
[tristanparker.co.uk/wp-content/uploads/2022/01/Search-Engine-Optimisation-within-Exeter-3.jpg]
[tristanparker.co.uk/wp-content/uploads/2022/01/xps-dpbXgTh0Lac-unsplash.jpg]
[tristanparker.co.uk/wp-content/uploads/2022/01/web-designer-exeter.jpg]
[tristanparker.co.uk/wp-content/uploads/2022/01/web-design-discussion-scaled-1.jpg]
[www.tristanparker.co.uk/wp-content/uploads/elementor/css/post-668b29b.css]
[www.tristanparker.co.uk/index1cc0.html]
[www.tristanparker.co.uk/wp-content/uploads/2022/01/semrush-logo.svg]
[www.tristanparker.co.uk/wp-content/uploads/2022/01/elementor-pro-expert-logo-1.svg]
[www.tristanparker.co.uk/wp-content/uploads/elementor/css/post-793ee67.css]
[www.tristanparker.co.uk/book-a-discovery-call/index.html]
[tristanparker.co.uk/wp-content/uploads/2022/01/wdl-proposal-cover-1-1024x723.png]
[tristanparker.co.uk/wp-content/uploads/2022/01/ecommerce-website.jpg]
[www.tristanparker.co.uk/why-local-seo-for-small-business-is-important/feed/index.html]
[tristanparker.co.uk/wp-content/uploads/2022/01/ecommerce-web-development-exeter.1b4.delayed]
[www.tristanparker.co.uk/wp-content/uploads/elementor/css/post-7955b3f.css]
[www.tristanparker.co.uk/category/web-design/feed/index.html]
[www.tristanparker.co.uk/index043e.html]
[templatekit.jegtheme.com/creative1/wp-content/uploads/sites/43/2021/02/kyle-brinker-0vVHYD3PcKo-unsplash_4.jpg]
[www.tristanparker.co.uk/wp-content/plugins/elementor/assets/lib/font-awesome/webfonts/fa-solid-900.eot]
[tristanparker.co.uk/wp-content/uploads/2022/02/local-seo-for-small-business-1024x682.jpg]
[tristanparker.co.uk/wp-content/uploads/2022/01/xps-7ZWVnVSaafY-unsplash.jpg]
[tristanparker.co.uk/wp-content/uploads/2022/01/Social-media-exeter.1b5.delayed]
[www.tristanparker.co.uk/wp-content/uploads/elementor/css/post-7909e63.css]
[www.tristanparker.co.uk/index895e.html]
[tristanparker.co.uk/wp-content/uploads/2022/01/digital-marketing-services-exeter.jpg]
[tristanparker.co.uk/wp-content/uploads/2022/01/Search-Engine-Optimisation-within-Exeter-3.jpg]
[tristanparker.co.uk/wp-content/uploads/2022/01/xps-dpbXgTh0Lac-unsplash.jpg]
[tristanparker.co.uk/wp-content/uploads/2022/01/ecommerce-web-development-exeter.jpg]
[tristanparker.co.uk/wp-content/uploads/2022/01/web-designer-exeter.jpg]
[tristanparker.co.uk/wp-content/uploads/2022/01/kelly-sikkema-o2TRWThve_I-unsplash_2-scaled-1.jpg]
[tristanparker.co.uk/wp-content/uploads/2022/01/Social-media-exeter.jpg]
[www.tristanparker.co.uk/wp-content/uploads/elementor/css/post-4012f43b.css]
[templatekit.jegtheme.com/creative1/wp-content/uploads/sites/43/2021/02/kelly-sikkema-o2TRWThve_I-unsplash_2-scaled.jpg]
[www.tristanparker.co.uk/index0b2d.html]
[www.tristanparker.co.uk/case-studies/laam-facebook-ads/index.html]
[www.tristanparker.co.uk/wp-content/uploads/elementor/css/post-369229b.css]
[tristanparker.co.uk/wp-content/uploads/2018/08/wordpress.jpg]
[www.tristanparker.co.uk/index0261.html]
[tristanparker.co.uk/wp-content/uploads/2022/02/blog-and-news.jpg]
[www.tristanparker.co.uk/wp-content/uploads/elementor/css/post-4843b5e1.css]
[www.tristanparker.co.uk/what-do-web-designers-do/index.html]
[www.tristanparker.co.uk/how-much-does-a-website-cost/index.html]
[www.tristanparker.co.uk/wp-content/uploads/elementor/css/post-4937782e.css]
[tristanparker.co.uk/wp-content/uploads/2022/01/kobu-agency-o8ZesB0MLFo-unsplash_3.jpg]
[www.tristanparker.co.uk/wp-content/uploads/elementor/css/post-6012fe5.css]
[templatekit.jegtheme.com/creative1/wp-content/uploads/sites/43/2021/02/kobu-agency-o8ZesB0MLFo-unsplash_3.jpg]
[www.tristanparker.co.uk/indexbdc9.html]
[www.tristanparker.co.uk/wp-content/uploads/elementor/css/post-3584963f.css]
[www.tristanparker.co.uk/index5c24.html]
[www.tristanparker.co.uk/index3c98.html]
[www.tristanparker.co.uk/indexd476.html]
[www.tristanparker.co.uk/wp-content/uploads/elementor/css/post-670dda.css]
[www.tristanparker.co.uk/index96f1.html]
[www.tristanparker.co.uk/wp-content/uploads/elementor/css/post-497414da.css]
[www.tristanparker.co.uk/index0016.html]
[www.tristanparker.co.uk/wp-content/plugins/elementor-pro/assets/css/widget-theme-elements.min.css]
[www.tristanparker.co.uk/wp-content/uploads/elementor/css/post-5529524.css]
[www.tristanparker.co.uk/index5195.html]
[www.tristanparker.co.uk/wp-content/uploads/elementor/css/post-3961fbcc.css]
[www.tristanparker.co.uk/indexa3cf.html]
[www.tristanparker.co.uk/wp-content/uploads/elementor/css/post-3967efbc.css]
[www.tristanparker.co.uk/index66ba.html]
[www.tristanparker.co.uk/wp-content/uploads/elementor/css/post-39726a01.css]
[www.tristanparker.co.uk/indexb1e8.html]
[www.tristanparker.co.uk/wp-content/uploads/elementor/css/post-38953513.css]
[www.tristanparker.co.uk/indexb84b.html]
[www.tristanparker.co.uk/wp-content/uploads/elementor/css/post-3921d895.css]
[www.tristanparker.co.uk/indexd35f.html]
[www.tristanparker.co.uk/indexa012.html]
[www.tristanparker.co.uk/index913a.html]
[www.tristanparker.co.uk/wp-content/uploads/elementor/css/post-49535176.css]
[templatekit.jegtheme.com/creative1/wp-content/uploads/sites/43/2020/12/daniel-korpai-IQbQyv2Gfp4-unsplash-2-e1612884353625.jpg]
[www.tristanparker.co.uk/indexc9e1.html]
[www.tristanparker.co.uk/wp-content/plugins/elementor-pro/assets/css/widget-share-buttons.min.css]
[www.tristanparker.co.uk/index965f.html]
[www.tristanparker.co.uk/index3b2c.html]
[www.tristanparker.co.uk/index3a1f.html]
[www.tristanparker.co.uk/index2591.html]
[www.tristanparker.co.uk/index26fc.html]
[www.tristanparker.co.uk/wp-content/uploads/elementor/css/post-51944278.css]
[www.tristanparker.co.uk/index1fc6.html]
[www.tristanparker.co.uk/wp-content/uploads/elementor/css/post-519125c9.css]
[www.tristanparker.co.uk/wp-content/uploads/elementor/css/post-5076de3b.css]
[templatekit.jegtheme.com/creative1/wp-content/uploads/sites/43/2020/12/adam-birkett-QRWAdBCqysc-unsplash2.jpg]
[www.tristanparker.co.uk/wp-content/plugins/elementor/assets/lib/font-awesome/webfonts/fa-regular-400.eot]
[www.tristanparker.co.uk/wp-content/plugins/elementor/assets/lib/font-awesome/webfonts/fa-regular-400d41d.eot]
[www.tristanparker.co.uk/wp-content/plugins/elementor/assets/lib/font-awesome/webfonts/fa-regular-400.woff2]
[www.tristanparker.co.uk/wp-content/plugins/elementor/assets/lib/font-awesome/webfonts/fa-regular-400.woff]
[www.tristanparker.co.uk/wp-content/plugins/elementor/assets/lib/font-awesome/webfonts/fa-regular-400d41d.eot]
[www.tristanparker.co.uk/wp-content/plugins/elementor/assets/lib/font-awesome/webfonts/fa-regular-400.ttf]
[www.tristanparker.co.uk/wp-content/plugins/elementor/assets/lib/font-awesome/css/regular.min52d5.css]
[www.tristanparker.co.uk/indexf965.html]
[www.tristanparker.co.uk/wp-content/uploads/elementor/css/post-50866a32.css]
[www.tristanparker.co.uk/wp-content/uploads/elementor/css/post-46206361.css]
[www.tristanparker.co.uk/wp-content/plugins/elementor/assets/lib/font-awesome/webfonts/fa-regular-400.svg]
[www.tristanparker.co.uk/index0db5.html]
[www.tristanparker.co.uk/wp-content/uploads/elementor/css/post-4612aa26.css]
[www.tristanparker.co.uk/index0257.html]
[www.tristanparker.co.uk/wp-content/uploads/elementor/css/post-4342b099.css]
[www.tristanparker.co.uk/index969d.html]
[www.tristanparker.co.uk/wp-content/uploads/elementor/css/post-43378408.css]
[www.tristanparker.co.uk/index1916.html]
[www.tristanparker.co.uk/wp-content/uploads/elementor/css/post-43310d0f.css]
[www.tristanparker.co.uk/indexcc5f.html]
[www.tristanparker.co.uk/wp-content/uploads/elementor/css/post-4325f8ac.css]
[www.tristanparker.co.uk/indexb354.html]
[www.tristanparker.co.uk/wp-content/uploads/elementor/css/post-43208ced.css]
[www.tristanparker.co.uk/indexa791.html]
[www.tristanparker.co.uk/wp-content/uploads/elementor/css/post-43146030.css]
[www.tristanparker.co.uk/indexb999.html]
[www.tristanparker.co.uk/wp-content/uploads/elementor/css/post-43088d38.css]
[www.tristanparker.co.uk/index5ffc.html]
[www.tristanparker.co.uk/wp-content/uploads/elementor/css/post-43010ac6.css]
[tristanparker.co.uk/wp-content/uploads/2022/01/Website-Designers-Bideford-scaled.jpg]
[www.tristanparker.co.uk/indexde62.html]
[www.tristanparker.co.uk/wp-content/uploads/elementor/css/post-42958355.css]
[www.tristanparker.co.uk/index8ba8.html]
[www.tristanparker.co.uk/wp-content/uploads/elementor/css/post-39554c6b.css]
[www.tristanparker.co.uk/indexc4e2.html]
[www.tristanparker.co.uk/wp-content/uploads/elementor/css/post-39395d18.css]
[www.tristanparker.co.uk/index9d4f.html]
[www.tristanparker.co.uk/wp-content/uploads/elementor/css/post-3932b1eb.css]
[www.tristanparker.co.uk/index6e30.html]
[www.tristanparker.co.uk/wp-content/uploads/elementor/css/post-39272c19.css]
[www.tristanparker.co.uk/indexb73f.html]
[www.tristanparker.co.uk/wp-content/uploads/elementor/css/post-3915694d.css]
[www.tristanparker.co.uk/indexbc2a.html]
[tristanparker.co.uk/wp-content/uploads/2022/01/web-designer-plymouth-1596x2048-1.jpg]
[www.tristanparker.co.uk/wp-content/uploads/elementor/css/post-34708e2d.css]
[www.tristanparker.co.uk/indexacf6.html]
[www.tristanparker.co.uk/wp-content/uploads/elementor/css/post-34459f67.css]
[www.tristanparker.co.uk/index07c0.html]
[www.tristanparker.co.uk/wp-content/uploads/2022/01/torquay-seo-results.webp]
[www.tristanparker.co.uk/wp-content/uploads/elementor/css/post-33091eb1.css]
[www.tristanparker.co.uk/index266e.html]
[www.tristanparker.co.uk/wp-content/uploads/elementor/css/post-31648d91.css]
[www.tristanparker.co.uk/indexfd6e.html]
[www.tristanparker.co.uk/index0262.html]
[www.tristanparker.co.uk/wp-content/uploads/elementor/css/post-286537ae.css]
[www.tristanparker.co.uk/indexf00b.html]
[www.tristanparker.co.uk/wp-content/uploads/2021/03/WDL-Email-Outreach-Templates-.html]
[www.tristanparker.co.uk/wp-content/uploads/elementor/css/post-1623add7.css]
[www.tristanparker.co.uk/index736e.html]
[www.tristanparker.co.uk/wp-content/uploads/elementor/css/post-4771add7.css]
[www.tristanparker.co.uk/wp-content/uploads/elementor/css/post-16292e9b.css]
[www.tristanparker.co.uk/indexd010.html]
[www.tristanparker.co.uk/wp-content/uploads/2021/01/tristan-arms-folded-website-1-655x1024.html]
[www.tristanparker.co.uk/wp-content/uploads/elementor/css/post-1457e6d3.css]
[www.tristanparker.co.uk/index86f6.html]
[www.tristanparker.co.uk/indexa1ca.html]
[www.tristanparker.co.uk/index1767.html]
[www.tristanparker.co.uk/category/seo/feed/index.html]
[www.tristanparker.co.uk/wp-content/plugins/elementor/assets/lib/eicons/fonts/eicons5519.woff]
[www.tristanparker.co.uk/wp-content/plugins/elementor/assets/lib/font-awesome/webfonts/fa-solid-900d41d.eot]
[www.tristanparker.co.uk/wp-content/plugins/elementor/assets/lib/eicons/fonts/eicons5519.svg]
[www.tristanparker.co.uk/wp-content/plugins/elementor/assets/lib/font-awesome/webfonts/fa-solid-900.woff]
[www.tristanparker.co.uk/wp-content/plugins/elementor/assets/lib/font-awesome/webfonts/fa-solid-900.woff2]
[www.tristanparker.co.uk/wp-content/plugins/elementor/assets/lib/eicons/fonts/eicons5519.ttf]
[www.tristanparker.co.uk/wp-content/plugins/elementor/assets/lib/font-awesome/webfonts/fa-brands-400.eot]
[www.tristanparker.co.uk/wp-content/plugins/elementor/assets/lib/font-awesome/webfonts/fa-brands-400d41d.eot]
[www.tristanparker.co.uk/wp-content/plugins/elementor/assets/lib/font-awesome/webfonts/fa-solid-900.ttf]
[www.tristanparker.co.uk/wp-content/plugins/elementor/assets/lib/font-awesome/webfonts/fa-brands-400.woff2]
[www.tristanparker.co.uk/wp-content/plugins/elementor/assets/lib/font-awesome/webfonts/fa-brands-400.woff]
[www.tristanparker.co.uk/wp-content/plugins/elementor/assets/lib/font-awesome/webfonts/fa-solid-900.svg]
[www.tristanparker.co.uk/index01f7.html]
[www.tristanparker.co.uk/wp-content/plugins/elementor/assets/lib/font-awesome/webfonts/fa-regular-400.svg]
[www.tristanparker.co.uk/wp-content/plugins/elementor/assets/lib/font-awesome/webfonts/fa-brands-400.ttf]
[www.tristanparker.co.uk/wp-content/plugins/wp-live-chat-software-for-wordpress/plugin_files/fonts/livechat-icons.ttf]
[www.tristanparker.co.uk/wp-content/plugins/elementor/assets/lib/eicons/fonts/eicons5519.svg]
[www.tristanparker.co.uk/wp-content/plugins/elementor/assets/lib/font-awesome/webfonts/fa-solid-900.svg]
[www.tristanparker.co.uk/wp-content/plugins/elementor/assets/lib/font-awesome/webfonts/fa-brands-400.svg]
[www.tristanparker.co.uk/wp-content/plugins/elementor/assets/lib/font-awesome/webfonts/fa-brands-400.svg]
